// Jest Snapshot v1, https://goo.gl/fbAQLP

exports[`parseBib should crossref 1`] = `
Array [
  Object {
    "author": Array [
      Object {
        "family": "Adams",
        "given": "D.C.",
      },
      Object {
        "family": "Anthony",
        "given": "C.D.",
      },
    ],
    "container-title": "Animal Behaviour",
    "issue": "4",
    "issued": "1996",
    "page": "733–738",
    "title": "Using randomization techniques to analyse behavioural data",
    "type": "article-journal",
    "volume": "51",
  },
  Object {
    "author": Array [
      Object {
        "family": "Barlow",
        "given": "D.H.",
      },
      Object {
        "family": "Nock",
        "given": "M.K.",
      },
      Object {
        "family": "Hersen",
        "given": "M.",
      },
    ],
    "edition": "3rd",
    "issued": "2009",
    "publisher-place": "Pearson/Allyn and Bacon",
    "title": "Single case experimental designs: Strategies for studying behavior change",
    "type": null,
  },
  Object {
    "DOI": "10.1371/journal.pone.0228355",
    "ISSN": Array [
      "1932-6203",
    ],
    "URL": "http://dx.doi.org/10.1371/journal.pone.0228355",
    "author": Array [
      Object {
        "ORCID": "http://orcid.org/0000-0003-1771-0546",
        "affiliation": Array [],
        "authenticated-orcid": true,
        "family": "Bouwmeester",
        "given": "Samantha",
        "sequence": "first",
      },
      Object {
        "affiliation": Array [],
        "family": "Jongerling",
        "given": "Joran",
        "sequence": "additional",
      },
    ],
    "container-title": "PLOS ONE",
    "container-title-short": "PLoS ONE",
    "content-domain": Object {
      "crossmark-restriction": false,
      "domain": Array [
        "www.plosone.org",
      ],
    },
    "created": Object {
      "date-parts": Array [
        Array [
          2020,
          2,
          6,
        ],
      ],
      "date-time": "2020-02-06T13:38:10Z",
      "timestamp": 1580996290000,
    },
    "deposited": Object {
      "date-parts": Array [
        Array [
          2020,
          2,
          6,
        ],
      ],
      "date-time": "2020-02-06T13:38:31Z",
      "timestamp": 1580996311000,
    },
    "editor": Array [
      Object {
        "affiliation": Array [],
        "family": "Gasparini",
        "given": "Mauro",
        "sequence": "first",
      },
    ],
    "indexed": Object {
      "date-parts": Array [
        Array [
          2022,
          2,
          7,
        ],
      ],
      "date-time": "2022-02-07T18:26:21Z",
      "timestamp": 1644258381766,
    },
    "is-referenced-by-count": 13,
    "issue": "2",
    "issued": Object {
      "date-parts": Array [
        Array [
          2020,
          2,
          6,
        ],
      ],
    },
    "journal-issue": Object {
      "issue": "2",
      "published-online": Object {
        "date-parts": Array [
          Array [
            2020,
            2,
            6,
          ],
        ],
      },
    },
    "language": "en",
    "license": Array [
      Object {
        "URL": "http://creativecommons.org/licenses/by/4.0/",
        "content-version": "vor",
        "delay-in-days": 0,
        "start": Object {
          "date-parts": Array [
            Array [
              2020,
              2,
              6,
            ],
          ],
          "date-time": "2020-02-06T00:00:00Z",
          "timestamp": 1580947200000,
        },
      },
    ],
    "link": Array [
      Object {
        "URL": "https://dx.plos.org/10.1371/journal.pone.0228355",
        "content-type": "unspecified",
        "content-version": "vor",
        "intended-application": "similarity-checking",
      },
    ],
    "member": "340",
    "original-title": Array [],
    "page": "e0228355",
    "prefix": "10.1371",
    "published": Object {
      "date-parts": Array [
        Array [
          2020,
          2,
          6,
        ],
      ],
    },
    "published-online": Object {
      "date-parts": Array [
        Array [
          2020,
          2,
          6,
        ],
      ],
    },
    "publisher": "Public Library of Science (PLoS)",
    "reference": Array [
      Object {
        "author": "G.T. Fechner",
        "key": "pone.0228355.ref001",
        "volume-title": "Elemente der psychophysik [Elements of psychophysics]",
        "year": "1889",
      },
      Object {
        "author": "J.B. Watson",
        "key": "pone.0228355.ref002",
        "volume-title": "Behaviorism",
        "year": "1925",
      },
      Object {
        "author": "B.F Skinner",
        "key": "pone.0228355.ref003",
        "volume-title": "The behavior of organisms",
        "year": "1938",
      },
      Object {
        "DOI": "10.1037/a0029312",
        "article-title": "Single-case experimental designs: a systematic review of published research and current standards",
        "author": "J.D. Smith",
        "doi-asserted-by": "crossref",
        "first-page": "510",
        "journal-title": "Psychological Methods",
        "key": "pone.0228355.ref004",
        "volume": "17",
        "year": "2012",
      },
      Object {
        "DOI": "10.1037/0003-066X.56.2.119",
        "article-title": "Single-participant research design: Bringing science to managed care",
        "author": "D.L. Morgan",
        "doi-asserted-by": "crossref",
        "first-page": "119",
        "journal-title": "American Psychologist",
        "key": "pone.0228355.ref005",
        "volume": "56",
        "year": "2001",
      },
      Object {
        "DOI": "10.3758/BRM.40.2.467",
        "article-title": "An R package for single-case randomization tests",
        "author": "I. Bulté",
        "doi-asserted-by": "crossref",
        "first-page": "467",
        "journal-title": "Behavior Research Methods",
        "key": "pone.0228355.ref006",
        "volume": "40",
        "year": "2008",
      },
      Object {
        "author": "A. Kazdin",
        "key": "pone.0228355.ref007",
        "volume-title": "Single-case research designs: Methods for clinical and applied settings",
        "year": "2011",
      },
      Object {
        "DOI": "10.5014/ajot.2017.022210",
        "article-title": "Single-case experimental design: Current standards and applications in occupational therapy",
        "author": "J. Lane",
        "doi-asserted-by": "crossref",
        "first-page": "7102300010",
        "journal-title": "The American Journal of Occupational Therapy: Official Publication of the American Occupational Therapy Association",
        "key": "pone.0228355.ref008",
        "volume": "71",
        "year": "2017",
      },
      Object {
        "DOI": "10.1177/1088357617741282",
        "doi-asserted-by": "crossref",
        "key": "pone.0228355.ref009",
        "unstructured": "Qi, C., Barton, E., Collier, M., & Lin, Y. (2017). A systematic review of single-case research studies on using video modeling interventions to improve social communication skills for individuals with autism spectrum disorder. Focus on Autism and Other Developmental Disabilities. https://doi.org/10.1177/1088357617741282.",
      },
      Object {
        "DOI": "10.1007/s40688-014-0025-7",
        "article-title": "Methods for assessing single-case school-based intervention outcomes",
        "author": "R. Busse",
        "doi-asserted-by": "crossref",
        "first-page": "136",
        "journal-title": "Contemporary School Psychology: The Official Journal of the California Association of School Psychologists",
        "key": "pone.0228355.ref010",
        "volume": "19",
        "year": "2015",
      },
      Object {
        "DOI": "10.1007/s10864-006-9036-4",
        "article-title": "Describing baseline conditions: Suggestions for study reports",
        "author": "K. Lane",
        "doi-asserted-by": "crossref",
        "first-page": "224",
        "journal-title": "Journal of Behavioral Education",
        "key": "pone.0228355.ref011",
        "volume": "16",
        "year": "2007",
      },
      Object {
        "DOI": "10.1037/a0018600",
        "article-title": "Visual Analysis of Multiple Baseline Across Participants Graphs When Change Is Delayed",
        "author": "G. R. Lieberman",
        "doi-asserted-by": "crossref",
        "first-page": "28",
        "journal-title": "School Psychology Quarterly",
        "key": "pone.0228355.ref012",
        "volume": "25",
        "year": "2010",
      },
      Object {
        "author": "R. H. Horner",
        "first-page": "53",
        "key": "pone.0228355.ref013",
        "volume-title": "Single-case intervention research: Methodological and statistical advances",
        "year": "2014",
      },
      Object {
        "DOI": "10.3758/BRM.41.2.477",
        "article-title": "Randomization tests for multiple-baseline designs: An extension of the scrt-r package",
        "author": "I. Bulté",
        "doi-asserted-by": "crossref",
        "first-page": "477",
        "journal-title": "Behavior Research Methods, Instruments, & Computers",
        "key": "pone.0228355.ref014",
        "volume": "41",
        "year": "2009",
      },
      Object {
        "DOI": "10.1177/1049731511403324",
        "article-title": "Randomized controlled studies and alternative designs in outcome studies: Challenges and opportunities",
        "author": "W. Shadish",
        "doi-asserted-by": "crossref",
        "first-page": "636",
        "journal-title": "Research on Social Work Practice",
        "key": "pone.0228355.ref015",
        "volume": "21",
        "year": "2011",
      },
      Object {
        "DOI": "10.4324/9780203521892-11",
        "author": "D. L. Gast",
        "doi-asserted-by": "crossref",
        "first-page": "251",
        "key": "pone.0228355.ref016",
        "volume-title": "Single case research methodology",
        "year": "2014",
      },
      Object {
        "author": "J. O. Cooper",
        "key": "pone.0228355.ref017",
        "volume-title": "Applied behavior analysis",
        "year": "2007",
      },
      Object {
        "DOI": "10.1027/1614-2241/a000042",
        "article-title": "When the truth hits you between the eyes: A software tool for the visual analysis of single-case experimental data. Methodology",
        "author": "I. Bulté",
        "doi-asserted-by": "crossref",
        "first-page": "104",
        "journal-title": "European Journal of Research Methods for the Behavioral and Social Sciences",
        "key": "pone.0228355.ref018",
        "volume": "8",
        "year": "2012",
      },
      Object {
        "DOI": "10.1002/jcad.12039",
        "article-title": "Reporting results of single-case studies",
        "author": "B. Hott",
        "doi-asserted-by": "crossref",
        "first-page": "412",
        "journal-title": "Journal of Counseling and Development: Jcd",
        "key": "pone.0228355.ref019",
        "volume": "93",
        "year": "2015",
      },
      Object {
        "DOI": "10.1080/09602011.2013.815636",
        "article-title": "Visual analysis in single case experimental design studies: Brief review and guidelines",
        "author": "J. Lane",
        "doi-asserted-by": "crossref",
        "first-page": "445",
        "journal-title": "Neuropsychological Rehabilitation",
        "key": "pone.0228355.ref020",
        "volume": "24",
        "year": "2014",
      },
      Object {
        "DOI": "10.1017/BrImp.2017.16",
        "article-title": "Systematic use of visual analysis for assessing outcomes in single case design studies",
        "author": "J. Ledford",
        "doi-asserted-by": "crossref",
        "first-page": "4",
        "journal-title": "Brain Impairment",
        "key": "pone.0228355.ref021",
        "volume": "19",
        "year": "2018",
      },
      Object {
        "DOI": "10.1901/jaba.1990.23-341",
        "article-title": "Visual analysis of single-case time series: Effects of variability, serial dependence, and magnitude of intervention effects",
        "author": "T. A. Matyas",
        "doi-asserted-by": "crossref",
        "first-page": "341",
        "journal-title": "Journal of Applied Behavior Analysis",
        "key": "pone.0228355.ref022",
        "volume": "23",
        "year": "1990",
      },
      Object {
        "DOI": "10.4324/9781410600943",
        "author": "J. B. Todman",
        "doi-asserted-by": "crossref",
        "key": "pone.0228355.ref023",
        "volume-title": "Single-case and small-n experimental designs: A practical guide to randomization tests",
        "year": "2001",
      },
      Object {
        "DOI": "10.1080/00273171.2014.973989",
        "article-title": "Comparing Visual and Statistical Analysis in Single-Case Studies Using Published Studies",
        "author": "M. Harrington",
        "doi-asserted-by": "crossref",
        "first-page": "162",
        "journal-title": "Multivariate Behavioral Research",
        "key": "pone.0228355.ref024",
        "volume": "50",
        "year": "2015",
      },
      Object {
        "DOI": "10.1901/jaba.1979.12-573",
        "article-title": "Inconsistent visual analysis of intrasubject data",
        "author": "A. DeProspero",
        "doi-asserted-by": "crossref",
        "first-page": "573",
        "journal-title": "Journal of Applied Behavior Analysis",
        "key": "pone.0228355.ref025",
        "volume": "12",
        "year": "1979",
      },
      Object {
        "DOI": "10.1080/00220973.1990.10806545",
        "article-title": "Visual inspection and statistical analysis in single-case designs",
        "author": "H. Park",
        "doi-asserted-by": "crossref",
        "first-page": "311",
        "issue": "4",
        "journal-title": "The Journal of Experimental Education",
        "key": "pone.0228355.ref026",
        "volume": "58",
        "year": "1990",
      },
      Object {
        "DOI": "10.1002/jcad.12038",
        "article-title": "Evaluating intervention effects in single-case research designs",
        "author": "K. Vannest",
        "doi-asserted-by": "crossref",
        "first-page": "403",
        "journal-title": "Journal of Counseling & Development",
        "key": "pone.0228355.ref027",
        "volume": "93",
        "year": "2015",
      },
      Object {
        "DOI": "10.1093/jpepsy/jst065",
        "article-title": "Single-case research design in pediatric psychology: considerations regarding data analysis",
        "author": "L. Cohen",
        "doi-asserted-by": "crossref",
        "first-page": "124",
        "issue": "2",
        "journal-title": "Journal of Pediatric Psychology",
        "key": "pone.0228355.ref028",
        "volume": "39",
        "year": "2014",
      },
      Object {
        "DOI": "10.1007/s12124-014-9290-2",
        "doi-asserted-by": "crossref",
        "key": "pone.0228355.ref029",
        "unstructured": "Hurtado-Parrado, C., & López-López, W. D2015]. Single-case research methods: history and suitability for a psychological science in need of alternatives. Integrative Psychological and Behavioral Science.",
      },
      Object {
        "DOI": "10.1111/j.2044-8260.1991.tb00926.x",
        "article-title": "Graphical analysis of single-case time series data",
        "author": "S. Morley",
        "doi-asserted-by": "crossref",
        "first-page": "97",
        "journal-title": "British Journal of Clinical Psychology",
        "key": "pone.0228355.ref030",
        "volume": "30",
        "year": "1991",
      },
      Object {
        "author": "B. S. Gorman",
        "first-page": "159",
        "key": "pone.0228355.ref031",
        "volume-title": "Design and analysis of single-case research",
        "year": "1996",
      },
      Object {
        "DOI": "10.1016/0169-2607(91)90103-Z",
        "article-title": "Randomization tests: Statistics for experimenters / j. w. l. Hooton",
        "author": "J. Hooton",
        "doi-asserted-by": "crossref",
        "first-page": "43",
        "journal-title": "Computer Programs in Biomedicine",
        "key": "pone.0228355.ref032",
        "volume": "35",
        "year": "1991",
      },
      Object {
        "author": "A. Kazdin",
        "key": "pone.0228355.ref033",
        "volume-title": "Single-case research designs: Methods for clinical and applied settings",
        "year": "1982",
      },
      Object {
        "DOI": "10.1016/0010-468X(82)90062-9",
        "article-title": "The simulated randomization test",
        "author": "M. Recchia",
        "doi-asserted-by": "crossref",
        "first-page": "111",
        "journal-title": "Computer Programs in Biomedicine",
        "key": "pone.0228355.ref034",
        "volume": "15",
        "year": "1982",
      },
      Object {
        "author": "G.E.P. Box",
        "key": "pone.0228355.ref035",
        "volume-title": "Time Series Analysis; Forecasting and Control",
        "year": "1994",
      },
      Object {
        "DOI": "10.1037/0022-006X.61.6.966",
        "article-title": "Interrupted time-series analysis with brief single-subject data",
        "author": "J. Crosbie",
        "doi-asserted-by": "crossref",
        "first-page": "966",
        "journal-title": "Journal of Consulting and Clinical Psychology",
        "key": "pone.0228355.ref036",
        "volume": "61",
        "year": "1993",
      },
      Object {
        "DOI": "10.1901/jaba.1982.15-423",
        "article-title": "A simplified time-series analysis for evaluating treatment interventions",
        "author": "W. W. Tryon",
        "doi-asserted-by": "crossref",
        "first-page": "423",
        "journal-title": "Journal of Applied Behavior Analysis",
        "key": "pone.0228355.ref037",
        "volume": "15",
        "year": "1982",
      },
      Object {
        "article-title": "Randomization tests for multiple-baseline designs",
        "author": "B. E. Wampold",
        "first-page": "135",
        "journal-title": "Behavioral Assessment",
        "key": "pone.0228355.ref038",
        "volume": "8",
        "year": "1986",
      },
      Object {
        "article-title": "Combining statistics for multiple- baseline AB and replicated ABAB designs across subjects",
        "author": "L.A. Marascuilo",
        "first-page": "1",
        "journal-title": "Behavioral Assessment",
        "key": "pone.0228355.ref039",
        "volume": "10",
        "year": "1988",
      },
      Object {
        "DOI": "10.1037/1082-989X.3.2.206",
        "article-title": "Regulated randomization: A potentially sharper analytical tool for the multiple-baseline design",
        "author": "M. J. Koehler",
        "doi-asserted-by": "crossref",
        "first-page": "206",
        "journal-title": "Psychological Methods",
        "key": "pone.0228355.ref040",
        "volume": "3",
        "year": "1998",
      },
      Object {
        "DOI": "10.1080/00220970209599504",
        "article-title": "Statistical power of randomization tests used with multiple-baseline designs",
        "author": "J. Ferron",
        "doi-asserted-by": "crossref",
        "first-page": "165",
        "journal-title": "Journal of Experimental Education",
        "key": "pone.0228355.ref041",
        "volume": "70",
        "year": "2002",
      },
      Object {
        "DOI": "10.1007/978-1-4757-2346-5",
        "author": "P. I. Good",
        "doi-asserted-by": "crossref",
        "key": "pone.0228355.ref042",
        "volume-title": "Permutation tests: A practical guide to resampling methods for testing hypotheses",
        "year": "1994",
      },
      Object {
        "DOI": "10.22237/jmasm/1036110240",
        "article-title": "Extensions of the concept of exchangeability and their applications",
        "author": "P. Good",
        "doi-asserted-by": "crossref",
        "first-page": "243",
        "journal-title": "Journal of Modern Applied Statistical Methods",
        "key": "pone.0228355.ref043",
        "volume": "1",
        "year": "2002",
      },
      Object {
        "article-title": "Autocorrelation in single-subject research: A counterargument to the myth of no autocorrelation",
        "author": "P. L. Busk",
        "first-page": "229",
        "journal-title": "Behavioral Assessment",
        "key": "pone.0228355.ref044",
        "volume": "10",
        "year": "1988",
      },
      Object {
        "DOI": "10.1016/B978-0-12-425850-1.50010-7",
        "author": "J.R. Levin",
        "doi-asserted-by": "crossref",
        "first-page": "167",
        "key": "pone.0228355.ref045",
        "volume-title": "Single-subject research: Strategies for evaluating change",
        "year": "1978",
      },
      Object {
        "DOI": "10.1007/BF03391987",
        "article-title": "Statistical inference in behavior analysis: Useful friend",
        "author": "J Crosbie",
        "doi-asserted-by": "crossref",
        "first-page": "105",
        "issue": "2",
        "journal-title": "The Behavior analyst",
        "key": "pone.0228355.ref046",
        "volume": "22",
        "year": "1999",
      },
      Object {
        "DOI": "10.3200/JEXE.73.2.140-160",
        "article-title": "Randomization Tests for Systematic Single- Case Designs Are Not Always Appropriate",
        "author": "V.S. Esade",
        "doi-asserted-by": "crossref",
        "first-page": "140",
        "journal-title": "The Journal of Experimental Education",
        "key": "pone.0228355.ref047",
        "volume": "73",
        "year": "2005",
      },
      Object {
        "DOI": "10.1139/f01-004",
        "article-title": "Permutation tests for univariate or multivariate analyses of variance and regression",
        "author": "M. J. Anderson",
        "doi-asserted-by": "crossref",
        "first-page": "626",
        "journal-title": "Canadian Journal of Fisheries and Aquatic Sciences",
        "key": "pone.0228355.ref048",
        "volume": "58",
        "year": "2001",
      },
      Object {
        "DOI": "10.1080/00220970309602066",
        "article-title": "Measurement, statistics, and research design–the functioning of single-case randomization tests with and without random assignment",
        "author": "J. Ferron",
        "doi-asserted-by": "crossref",
        "first-page": "267",
        "journal-title": "Journal of Experimental Education",
        "key": "pone.0228355.ref049",
        "volume": "71",
        "year": "2003",
      },
      Object {
        "DOI": "10.1177/1088357609350745",
        "article-title": "The use of randomization tests in single-subject research",
        "author": "R. Haardörfer",
        "doi-asserted-by": "crossref",
        "first-page": "47",
        "journal-title": "Focus on Autism and Other Developmental Disabilities",
        "key": "pone.0228355.ref050",
        "volume": "25",
        "year": "2010",
      },
      Object {
        "DOI": "10.3200/JEXE.73.2.140-160",
        "article-title": "Randomization tests for systematic single-case designs are not always appropriate",
        "author": "V. Sierra",
        "doi-asserted-by": "crossref",
        "first-page": "140",
        "journal-title": "The Journal of Experimental Education",
        "key": "pone.0228355.ref051",
        "volume": "73",
        "year": "2005",
      },
      Object {
        "DOI": "10.1177/0145445511399147",
        "article-title": "Effect size in single-case research: a review of nine nonoverlap techniques",
        "author": "R. I. Parker",
        "doi-asserted-by": "crossref",
        "first-page": "303",
        "journal-title": "Behavior Modification",
        "key": "pone.0228355.ref052",
        "volume": "35",
        "year": "2011",
      },
      Object {
        "DOI": "10.1080/00273171.2018.1466681",
        "article-title": "A gradual effects model for single-case designs",
        "author": "D. Swan",
        "doi-asserted-by": "crossref",
        "first-page": "574",
        "journal-title": "Multivariate Behavioral Research",
        "key": "pone.0228355.ref053",
        "volume": "53",
        "year": "2018",
      },
      Object {
        "author": "Rstudio Team",
        "key": "pone.0228355.ref054",
        "volume-title": "Rstudio: Integrated Development for R",
        "year": "2015",
      },
      Object {
        "key": "pone.0228355.ref055",
        "unstructured": "Cohen, J. (1977). Statistical power analysis for the behavioral sciences. Routledge.",
      },
      Object {
        "DOI": "10.1016/j.paid.2016.06.069",
        "article-title": "Effect size guidelines for individual differences researchers",
        "author": "G. E. Gignac",
        "doi-asserted-by": "crossref",
        "first-page": "74",
        "journal-title": "Personality and Individual Differences",
        "key": "pone.0228355.ref056",
        "volume": "102",
        "year": "2016",
      },
      Object {
        "DOI": "10.1037/h0034625",
        "article-title": "The random-sampling assumption in “comment on component-randomization tests”",
        "author": "E. S. Edgington",
        "doi-asserted-by": "crossref",
        "first-page": "84",
        "journal-title": "Psychological Bulletin",
        "key": "pone.0228355.ref057",
        "volume": "1",
        "year": "1973",
      },
      Object {
        "author": "J. M. Johnston",
        "key": "pone.0228355.ref058",
        "volume-title": "Strategies and tactics of behavioral research",
        "year": "1993a",
      },
      Object {
        "author": "J. M. Johnston",
        "key": "pone.0228355.ref059",
        "volume-title": "Readings for strategies and tactics of behavioral research",
        "year": "1993b",
      },
    ],
    "reference-count": 59,
    "references-count": 59,
    "relation": Object {
      "is-supplemented-by": Array [
        Object {
          "asserted-by": "object",
          "id": "10.17504/protocols.io.9vrh656",
          "id-type": "doi",
        },
      ],
    },
    "score": 1,
    "short-title": Array [],
    "source": "Crossref",
    "subject": Array [
      "Multidisciplinary",
    ],
    "subtitle": Array [],
    "title": "Power of a randomization test in a single case multiple baseline AB design",
    "type": "journal-article",
    "update-policy": "http://dx.doi.org/10.1371/journal.pone.corrections_policy",
    "volume": "15",
  },
  Object {
    "author": Array [
      Object {
        "family": "Breivik",
        "given": "H.",
      },
      Object {
        "family": "Collett",
        "given": "B.",
      },
      Object {
        "family": "Ventafridda",
        "given": "V.",
      },
      Object {
        "family": "Cohen",
        "given": "R.",
      },
      Object {
        "family": "Gallacher",
        "given": "D.",
      },
    ],
    "container-title": "European Journal of Pain (London",
    "issue": "4",
    "issued": "2006",
    "page": "287–333",
    "title": "Survey of chronic pain in Europe: Prevalence, impact on daily life, and treatment",
    "type": "article-journal",
    "volume": "10",
  },
  Object {
    "author": Array [
      Object {
        "family": "Busk",
        "given": "P.L.",
      },
      Object {
        "family": "Marascuilo",
        "given": "L.A.",
      },
    ],
    "container-title": "Behavioral Assessment",
    "issue": "3",
    "issued": "1988",
    "page": "229–242",
    "title": "Autocorrelation in single-subject research: A counterargument to the myth of no autocorrelation",
    "type": "article-journal",
    "volume": "10",
  },
  Object {
    "author": Array [
      Object {
        "family": "Cohen",
        "given": "J.",
      },
    ],
    "edition": "2nd",
    "issued": "1988",
    "publisher": "Routledge",
    "title": "Statistical power analysis for the behavioral sciences",
    "type": "book",
  },
  Object {
    "DOI": "10.1136/bmj.b3829",
    "ISSN": Array [
      "0959-8138",
      "1468-5833",
    ],
    "URL": "http://dx.doi.org/10.1136/bmj.b3829",
    "author": Array [
      Object {
        "affiliation": Array [],
        "family": "Costa",
        "given": "L. d. C M.",
        "sequence": "first",
      },
      Object {
        "affiliation": Array [],
        "family": "Maher",
        "given": "C. G",
        "sequence": "additional",
      },
      Object {
        "affiliation": Array [],
        "family": "McAuley",
        "given": "J. H",
        "sequence": "additional",
      },
      Object {
        "affiliation": Array [],
        "family": "Hancock",
        "given": "M. J",
        "sequence": "additional",
      },
      Object {
        "affiliation": Array [],
        "family": "Herbert",
        "given": "R. D",
        "sequence": "additional",
      },
      Object {
        "affiliation": Array [],
        "family": "Refshauge",
        "given": "K. M",
        "sequence": "additional",
      },
      Object {
        "affiliation": Array [],
        "family": "Henschke",
        "given": "N.",
        "sequence": "additional",
      },
    ],
    "container-title": "BMJ",
    "container-title-short": "BMJ",
    "content-domain": Object {
      "crossmark-restriction": false,
      "domain": Array [],
    },
    "created": Object {
      "date-parts": Array [
        Array [
          2009,
          10,
          6,
        ],
      ],
      "date-time": "2009-10-06T23:35:35Z",
      "timestamp": 1254872135000,
    },
    "deposited": Object {
      "date-parts": Array [
        Array [
          2020,
          9,
          26,
        ],
      ],
      "date-time": "2020-09-26T00:50:48Z",
      "timestamp": 1601081448000,
    },
    "indexed": Object {
      "date-parts": Array [
        Array [
          2022,
          2,
          17,
        ],
      ],
      "date-time": "2022-02-17T06:54:10Z",
      "timestamp": 1645080850599,
    },
    "is-referenced-by-count": 222,
    "issue": "oct06 2",
    "issued": Object {
      "date-parts": Array [
        Array [
          2009,
          10,
          6,
        ],
      ],
    },
    "journal-issue": Object {
      "issue": "oct06 2",
      "published-online": Object {
        "date-parts": Array [
          Array [
            2009,
            10,
            6,
          ],
        ],
      },
      "published-print": Object {
        "date-parts": Array [
          Array [
            2009,
            10,
            6,
          ],
        ],
      },
    },
    "language": "en",
    "link": Array [
      Object {
        "URL": "https://syndication.highwire.org/content/doi/10.1136/bmj.b3829",
        "content-type": "unspecified",
        "content-version": "vor",
        "intended-application": "similarity-checking",
      },
    ],
    "member": "239",
    "original-title": Array [],
    "page": "b3829-b3829",
    "prefix": "10.1136",
    "published": Object {
      "date-parts": Array [
        Array [
          2009,
          10,
          6,
        ],
      ],
    },
    "published-online": Object {
      "date-parts": Array [
        Array [
          2009,
          10,
          6,
        ],
      ],
    },
    "published-print": Object {
      "date-parts": Array [
        Array [
          2009,
          10,
          6,
        ],
      ],
    },
    "publisher": "BMJ",
    "reference-count": 0,
    "references-count": 0,
    "relation": Object {},
    "score": 1,
    "short-title": Array [],
    "source": "Crossref",
    "subject": Array [
      "General Earth and Planetary Sciences",
      "General Environmental Science",
      "General Engineering",
    ],
    "subtitle": Array [],
    "title": "Prognosis for patients with chronic low back pain: inception cohort study",
    "type": "journal-article",
    "volume": "339",
  },
  Object {
    "URL": "http://www.dancerdesign.co.uk/tactor.html",
    "author": Array [
      Object {
        "family": "Design",
        "given": "Dancer",
      },
    ],
    "issued": "XXXX",
    "note": "Tactor.",
    "type": null,
  },
  Object {
    "author": Array [
      Object {
        "family": "De",
        "given": "T.K.",
      },
      Object {
        "family": "Michiels",
        "given": "B.",
      },
      Object {
        "family": "Tanious",
        "given": "R.",
      },
      Object {
        "family": "Onghena",
        "given": "P.",
      },
    ],
    "container-title": "Behavior Research Methods",
    "issue": "3",
    "issued": "2020",
    "page": "1355–1370",
    "title": "Handling missing data in randomization tests for single-case experiments: A simulation study",
    "type": "article-journal",
    "volume": "52",
  },
  Object {
    "URL": "https://ppw.kuleuven.be/mesrg/software-and-apps/shiny-scda",
    "author": Array [
      Object {
        "family": "De",
        "given": "T.K.",
      },
      Object {
        "family": "Michiels",
        "given": "B.",
      },
      Object {
        "family": "Vlaeyen",
        "given": "J.W.S.",
      },
      Object {
        "family": "Onghena",
        "given": "P.",
      },
    ],
    "issued": "2020",
    "title": "Shiny SCDA",
    "type": null,
  },
]
`;
